
----------several heredocs---------------
maweiss@c3a1c2:~$ <<1 <<2 <<3 <<4 cat
> 1
> 2
> 3
> 4
maweiss@c3a1c2:~$ <<1 <<2 <<3 <<4 cat
> 4
> 3
> 2
> 1
> 2
> 3
> 4
maweiss@c3a1c2:~$ <<1 <<2 <<3 <<4 cat
4
3
2
1
2
3
4
maweiss@c3a1c2:~$ <<1 <<2 <<3 <<4 cat
4
3
2
1
2
3
4
maweiss@c3a1c2:~$ <<1 <<2 <<3 <<4 cat | cat
> 1
> 2
> 3
> 4
maweiss@c3a1c2:~$ <<1 <<2 <<3 <<4 cat | cat
1
> <<1 <<2 <<3 <<4 cat | cat
1
^C
maweiss@c3a1c2:~$ <<1 <<2 <<3 <<4 cat | cat
> bla
> 1
> blabla
> 2
> blablabla3
> 3
> blablablabla
> 4
blablablabla
maweiss@c3a1c2:~$ <<1 <<2 <<3 <<4 cat >ms_test1 | <<5 <<6 <<7 <<8 cat >ms_test2
> bla
> 1
> bla
> 2
> blabla
> blablabla
> 3
> blablablabla
> 4
> blablablablabla
> 5
> blablablablablabla
> 6
> blablablablablabla
> bla
> 7
> blablablablabalbalabalabalal
> 8
maweiss@c3a1c2:~$ cat ms_test1
blablablabla
maweiss@c3a1c2:~$ cat ms test2
cat: ms: No such file or directory
cat: test2: No such file or directory
maweiss@c3a1c2:~$ cat ms_test2
blablablablabalbalabalabalal
maweiss@c3a1c2:~$
-----------------------
	- several heredocs in one command are handled left to right. only the most left here doc is handled.
	- even over several pipes heredoc is handled left to right.

